// Jest Snapshot v1, https://goo.gl/fbAQLP

exports[`JobActions presentational component renders as expected 1`] = `
<JobActions
  handleDelete={[MockFunction]}
  handleEdit={[MockFunction]}
  id={123}
>
  <DropdownButton
    bsStyle="primary"
    className="job-actions-handle"
    title="Actions"
  >
    <Uncontrolled(Dropdown)
      bsStyle="primary"
    >
      <Dropdown
        bsClass="dropdown"
        bsStyle="primary"
        componentClass={[Function]}
        onToggle={[Function]}
      >
        <ButtonGroup
          block={false}
          bsClass="btn-group"
          bsStyle="primary"
          className="dropdown"
          justified={false}
          vertical={false}
        >
          <div
            className="dropdown btn-group btn-group-primary"
          >
            <DropdownToggle
              bsClass="dropdown-toggle"
              bsRole="toggle"
              bsStyle="primary"
              className="job-actions-handle"
              key=".0"
              onClick={[Function]}
              onKeyDown={[Function]}
              open={false}
              useAnchor={false}
            >
              <Button
                active={false}
                aria-expanded={false}
                aria-haspopup={true}
                block={false}
                bsClass="btn"
                bsStyle="primary"
                className="job-actions-handle dropdown-toggle"
                disabled={false}
                onClick={[Function]}
                onKeyDown={[Function]}
                role="button"
              >
                <button
                  aria-expanded={false}
                  aria-haspopup={true}
                  className="job-actions-handle dropdown-toggle btn btn-primary"
                  disabled={false}
                  onClick={[Function]}
                  onKeyDown={[Function]}
                  role="button"
                  type="button"
                >
                  Actions
                   
                  <span
                    className="caret"
                  />
                </button>
              </Button>
            </DropdownToggle>
            <DropdownMenu
              bsClass="dropdown-menu"
              bsRole="menu"
              key=".1"
              onClose={[Function]}
              onSelect={[Function]}
              pullRight={false}
            >
              <RootCloseWrapper
                disabled={true}
                event="click"
                onRootClose={[Function]}
              >
                <ul
                  className="dropdown-menu"
                  role="menu"
                >
                  <MenuItem
                    bsClass="dropdown"
                    className="job-actions-edit"
                    disabled={false}
                    divider={false}
                    eventKey="1"
                    header={false}
                    key=".0"
                    onClick={[Function]}
                    onKeyDown={[Function]}
                    onSelect={[Function]}
                  >
                    <li
                      className="job-actions-edit"
                      role="presentation"
                    >
                      <SafeAnchor
                        componentClass="a"
                        onClick={[Function]}
                        onKeyDown={[Function]}
                        role="menuitem"
                        tabIndex="-1"
                      >
                        <a
                          href="#"
                          onClick={[Function]}
                          onKeyDown={[Function]}
                          role="menuitem"
                          tabIndex="-1"
                        >
                          Edit
                        </a>
                      </SafeAnchor>
                    </li>
                  </MenuItem>
                  <MenuItem
                    bsClass="dropdown"
                    className="job-actions-delete"
                    disabled={false}
                    divider={false}
                    eventKey="2"
                    header={false}
                    key=".1"
                    onClick={[Function]}
                    onKeyDown={[Function]}
                    onSelect={[Function]}
                  >
                    <li
                      className="job-actions-delete"
                      role="presentation"
                    >
                      <SafeAnchor
                        componentClass="a"
                        onClick={[Function]}
                        onKeyDown={[Function]}
                        role="menuitem"
                        tabIndex="-1"
                      >
                        <a
                          href="#"
                          onClick={[Function]}
                          onKeyDown={[Function]}
                          role="menuitem"
                          tabIndex="-1"
                        >
                          Delete
                        </a>
                      </SafeAnchor>
                    </li>
                  </MenuItem>
                </ul>
              </RootCloseWrapper>
            </DropdownMenu>
          </div>
        </ButtonGroup>
      </Dropdown>
    </Uncontrolled(Dropdown)>
  </DropdownButton>
</JobActions>
`;
